127.0.0.1 - - [31/May/2017:11:45:28 +0800] "GET / HTTP/1.1" 404 951
0:0:0:0:0:0:0:1 - - [31/May/2017:11:45:48 +0800] "GET /user/login HTTP/1.1" 404 971
0:0:0:0:0:0:0:1 - - [31/May/2017:11:45:48 +0800] "GET /favicon.ico HTTP/1.1" 404 973
0:0:0:0:0:0:0:1 - - [31/May/2017:11:46:06 +0800] "GET /SpringMvc/user/login HTTP/1.1" 404 991
0:0:0:0:0:0:0:1 - - [31/May/2017:11:46:13 +0800] "GET /user/login HTTP/1.1" 404 971
0:0:0:0:0:0:0:1 - - [31/May/2017:11:47:01 +0800] "GET /user/login.do HTTP/1.1" 404 977
0:0:0:0:0:0:0:1 - - [31/May/2017:11:47:07 +0800] "GET /user/login HTTP/1.1" 404 971
0:0:0:0:0:0:0:1 - - [31/May/2017:11:49:34 +0800] "OPTIONS /SpringMvc/user/login.do HTTP/1.1" 200 -
127.0.0.1 - - [31/May/2017:11:52:55 +0800] "GET / HTTP/1.1" 404 951
0:0:0:0:0:0:0:1 - - [31/May/2017:11:53:03 +0800] "OPTIONS /SpringMvc/user/login.do HTTP/1.1" 200 -
0:0:0:0:0:0:0:1 - - [31/May/2017:11:53:03 +0800] "POST /SpringMvc/user/login.do HTTP/1.1" 200 51
127.0.0.1 - - [31/May/2017:11:53:57 +0800] "GET / HTTP/1.1" 404 951
0:0:0:0:0:0:0:1 - - [31/May/2017:11:54:01 +0800] "OPTIONS /SpringMvc/user/login.do HTTP/1.1" 200 -
0:0:0:0:0:0:0:1 - - [31/May/2017:11:54:01 +0800] "POST /SpringMvc/user/login.do HTTP/1.1" 200 51
0:0:0:0:0:0:0:1 - - [31/May/2017:11:57:11 +0800] "GET /SpringMvc/user/login.do HTTP/1.1" 200 51
0:0:0:0:0:0:0:1 - - [31/May/2017:11:57:28 +0800] "GET /SpringMvc/user/login.do?userName=1&passWord=2 HTTP/1.1" 200 49
0:0:0:0:0:0:0:1 - - [31/May/2017:11:57:44 +0800] "OPTIONS /SpringMvc/user/login.do HTTP/1.1" 200 -
0:0:0:0:0:0:0:1 - - [31/May/2017:11:57:44 +0800] "POST /SpringMvc/user/login.do HTTP/1.1" 200 51
0:0:0:0:0:0:0:1 - - [31/May/2017:11:58:46 +0800] "GET /SpringMvc/user/login.do?userName=1&passWord=2 HTTP/1.1" 200 49
127.0.0.1 - - [31/May/2017:12:10:12 +0800] "GET / HTTP/1.1" 404 951
0:0:0:0:0:0:0:1 - - [31/May/2017:12:10:19 +0800] "OPTIONS /SpringMvc/user/login.do HTTP/1.1" 200 -
0:0:0:0:0:0:0:1 - - [31/May/2017:12:10:19 +0800] "POST /SpringMvc/user/login.do HTTP/1.1" 200 51
127.0.0.1 - - [31/May/2017:12:10:42 +0800] "GET / HTTP/1.1" 404 951
0:0:0:0:0:0:0:1 - - [31/May/2017:12:10:47 +0800] "OPTIONS /SpringMvc/user/login.do HTTP/1.1" 200 -
127.0.0.1 - - [31/May/2017:12:11:54 +0800] "GET / HTTP/1.1" 404 951
0:0:0:0:0:0:0:1 - - [31/May/2017:12:11:59 +0800] "OPTIONS /SpringMvc/user/login.do HTTP/1.1" 200 -
127.0.0.1 - - [31/May/2017:12:13:22 +0800] "GET / HTTP/1.1" 404 951
0:0:0:0:0:0:0:1 - - [31/May/2017:12:13:31 +0800] "OPTIONS /SpringMvc/user/login.do HTTP/1.1" 200 -
0:0:0:0:0:0:0:1 - - [31/May/2017:12:33:01 +0800] "OPTIONS /SpringMvc/user/login.do HTTP/1.1" 200 -
127.0.0.1 - - [31/May/2017:12:37:47 +0800] "GET / HTTP/1.1" 404 951
0:0:0:0:0:0:0:1 - - [31/May/2017:12:37:52 +0800] "OPTIONS /SpringMvc/user/login.do HTTP/1.1" 500 17766
127.0.0.1 - - [31/May/2017:12:40:31 +0800] "GET / HTTP/1.1" 404 951
0:0:0:0:0:0:0:1 - - [31/May/2017:12:40:49 +0800] "OPTIONS /SpringMvc/user/login.do HTTP/1.1" 500 17766
127.0.0.1 - - [31/May/2017:12:42:01 +0800] "GET / HTTP/1.1" 404 951
0:0:0:0:0:0:0:1 - - [31/May/2017:12:42:04 +0800] "OPTIONS /SpringMvc/user/login.do HTTP/1.1" 500 17766
127.0.0.1 - - [31/May/2017:12:42:34 +0800] "GET / HTTP/1.1" 404 951
0:0:0:0:0:0:0:1 - - [31/May/2017:12:42:36 +0800] "OPTIONS /SpringMvc/user/login HTTP/1.1" 200 -
127.0.0.1 - - [31/May/2017:12:43:31 +0800] "GET / HTTP/1.1" 404 951
0:0:0:0:0:0:0:1 - - [31/May/2017:12:43:35 +0800] "OPTIONS /SpringMvc/user/login HTTP/1.1" 200 -
0:0:0:0:0:0:0:1 - - [31/May/2017:12:43:38 +0800] "OPTIONS /SpringMvc/user/login HTTP/1.1" 200 -
127.0.0.1 - - [31/May/2017:12:43:47 +0800] "GET / HTTP/1.1" 404 951
0:0:0:0:0:0:0:1 - - [31/May/2017:12:43:50 +0800] "OPTIONS /SpringMvc/user/login HTTP/1.1" 200 -
127.0.0.1 - - [31/May/2017:12:44:03 +0800] "GET / HTTP/1.1" 404 951
0:0:0:0:0:0:0:1 - - [31/May/2017:12:44:06 +0800] "OPTIONS /SpringMvc/user/login HTTP/1.1" 200 -
0:0:0:0:0:0:0:1 - - [31/May/2017:12:44:52 +0800] "OPTIONS /SpringMvc/user/login HTTP/1.1" 200 -
127.0.0.1 - - [31/May/2017:12:44:58 +0800] "GET / HTTP/1.1" 404 951
0:0:0:0:0:0:0:1 - - [31/May/2017:12:45:00 +0800] "OPTIONS /SpringMvc/user/login HTTP/1.1" 200 -
127.0.0.1 - - [31/May/2017:12:45:15 +0800] "GET / HTTP/1.1" 404 951
0:0:0:0:0:0:0:1 - - [31/May/2017:12:45:17 +0800] "OPTIONS /SpringMvc/user/login HTTP/1.1" 200 -
0:0:0:0:0:0:0:1 - - [31/May/2017:12:45:17 +0800] "POST /SpringMvc/user/login HTTP/1.1" 404 991
0:0:0:0:0:0:0:1 - - [31/May/2017:12:45:27 +0800] "OPTIONS /SpringMvc/user/login.do HTTP/1.1" 500 17766
127.0.0.1 - - [31/May/2017:12:46:30 +0800] "GET / HTTP/1.1" 404 951
0:0:0:0:0:0:0:1 - - [31/May/2017:12:46:32 +0800] "OPTIONS /SpringMvc/user/login.do HTTP/1.1" 500 17766
0:0:0:0:0:0:0:1 - - [31/May/2017:12:46:41 +0800] "OPTIONS /SpringMvc/user/login HTTP/1.1" 200 -
0:0:0:0:0:0:0:1 - - [31/May/2017:12:46:41 +0800] "POST /SpringMvc/user/login HTTP/1.1" 404 991
0:0:0:0:0:0:0:1 - - [31/May/2017:12:46:44 +0800] "OPTIONS /SpringMvc/user/login.do HTTP/1.1" 500 13295
0:0:0:0:0:0:0:1 - - [31/May/2017:12:46:46 +0800] "OPTIONS /SpringMvc/user/login.do HTTP/1.1" 500 13295
0:0:0:0:0:0:0:1 - - [31/May/2017:13:23:15 +0800] "POST /SpringMvc/user/login.do HTTP/1.1" 500 13295
0:0:0:0:0:0:0:1 - - [31/May/2017:13:23:17 +0800] "POST /SpringMvc/user/login.do HTTP/1.1" 500 13295
127.0.0.1 - - [31/May/2017:13:25:55 +0800] "GET / HTTP/1.1" 404 951
0:0:0:0:0:0:0:1 - - [31/May/2017:13:25:59 +0800] "POST /SpringMvc/user/login.do HTTP/1.1" 500 17766
127.0.0.1 - - [31/May/2017:13:27:37 +0800] "GET / HTTP/1.1" 404 951
0:0:0:0:0:0:0:1 - - [31/May/2017:13:27:47 +0800] "POST /SpringMvc/user/login.do HTTP/1.1" 500 17766
127.0.0.1 - - [31/May/2017:13:29:26 +0800] "GET / HTTP/1.1" 404 951
0:0:0:0:0:0:0:1 - - [31/May/2017:13:29:30 +0800] "POST /SpringMvc/user/login.do HTTP/1.1" 500 17766
0:0:0:0:0:0:0:1 - - [31/May/2017:13:32:00 +0800] "POST /SpringMvc/user/login.do HTTP/1.1" 500 13295
0:0:0:0:0:0:0:1 - - [31/May/2017:13:34:15 +0800] "POST /SpringMvc/user/login.do HTTP/1.1" 500 13295
127.0.0.1 - - [31/May/2017:13:34:30 +0800] "GET / HTTP/1.1" 404 951
0:0:0:0:0:0:0:1 - - [31/May/2017:13:34:34 +0800] "POST /SpringMvc/user/login.do HTTP/1.1" 500 17766
0:0:0:0:0:0:0:1 - - [31/May/2017:13:35:33 +0800] "POST /SpringMvc/user/login HTTP/1.1" 404 991
0:0:0:0:0:0:0:1 - - [31/May/2017:13:35:36 +0800] "POST /SpringMvc/user/login.do HTTP/1.1" 500 13295
0:0:0:0:0:0:0:1 - - [31/May/2017:13:41:14 +0800] "GET /SpringMvc/user/login.do?userName=1&passWord=2 HTTP/1.1" 500 13295
127.0.0.1 - - [31/May/2017:13:41:56 +0800] "GET / HTTP/1.1" 404 951
0:0:0:0:0:0:0:1 - - [31/May/2017:13:42:02 +0800] "GET /SpringMvc/user/login.do?userName=1&passWord=2 HTTP/1.1" 500 17766
127.0.0.1 - - [31/May/2017:13:47:51 +0800] "GET / HTTP/1.1" 404 951
0:0:0:0:0:0:0:1 - - [31/May/2017:13:47:56 +0800] "GET /SpringMvc/user/login.do?userName=1&passWord=2 HTTP/1.1" 500 17766
127.0.0.1 - - [31/May/2017:13:49:22 +0800] "GET / HTTP/1.1" 404 951
0:0:0:0:0:0:0:1 - - [31/May/2017:13:49:26 +0800] "GET /SpringMvc/user/login.do?userName=1&passWord=2 HTTP/1.1" 200 49
0:0:0:0:0:0:0:1 - - [31/May/2017:13:49:55 +0800] "POST /SpringMvc/user/login.do HTTP/1.1" 200 51
127.0.0.1 - - [31/May/2017:13:57:16 +0800] "GET / HTTP/1.1" 404 951
0:0:0:0:0:0:0:1 - - [31/May/2017:13:57:25 +0800] "GET /SpringMvc/user/login.do?userName=1&passWord=2 HTTP/1.1" 200 49
0:0:0:0:0:0:0:1 - - [31/May/2017:13:57:40 +0800] "GET /SpringMvc/user/login.do?userName=1&passWord=2 HTTP/1.1" 200 49
0:0:0:0:0:0:0:1 - - [31/May/2017:13:57:41 +0800] "GET /SpringMvc/user/login.do?userName=1&passWord=2 HTTP/1.1" 200 49
0:0:0:0:0:0:0:1 - - [31/May/2017:13:57:57 +0800] "POST /SpringMvc/user/login.do HTTP/1.1" 200 51
127.0.0.1 - - [31/May/2017:13:58:38 +0800] "GET / HTTP/1.1" 404 951
0:0:0:0:0:0:0:1 - - [31/May/2017:13:58:42 +0800] "GET /SpringMvc/user/login.do?userName=1&passWord=2 HTTP/1.1" 200 49
0:0:0:0:0:0:0:1 - - [31/May/2017:13:58:45 +0800] "POST /SpringMvc/user/login.do HTTP/1.1" 200 51
0:0:0:0:0:0:0:1 - - [31/May/2017:14:00:00 +0800] "POST /SpringMvc/user/login.do HTTP/1.1" 200 51
0:0:0:0:0:0:0:1 - - [31/May/2017:14:00:02 +0800] "GET /SpringMvc/user/login.do?userName=1&passWord=2 HTTP/1.1" 200 49
0:0:0:0:0:0:0:1 - - [31/May/2017:14:00:25 +0800] "GET /SpringMvc/user/login.do?userName=1&passWord=2 HTTP/1.1" 200 49
127.0.0.1 - - [31/May/2017:14:00:34 +0800] "GET / HTTP/1.1" 404 951
0:0:0:0:0:0:0:1 - - [31/May/2017:14:00:38 +0800] "GET /SpringMvc/user/login.do?userName=1&passWord=2 HTTP/1.1" 200 49
127.0.0.1 - - [31/May/2017:14:01:03 +0800] "GET / HTTP/1.1" 404 951
0:0:0:0:0:0:0:1 - - [31/May/2017:14:01:05 +0800] "GET /SpringMvc/user/login.do?userName=1&passWord=2 HTTP/1.1" 404 997
0:0:0:0:0:0:0:1 - - [31/May/2017:14:01:14 +0800] "GET /SpringMvc2/user/login.do?userName=1&passWord=2 HTTP/1.1" 500 11471
127.0.0.1 - - [31/May/2017:14:02:03 +0800] "GET / HTTP/1.1" 404 951
0:0:0:0:0:0:0:1 - - [31/May/2017:14:02:07 +0800] "GET /SpringMvc2/user/login.do?userName=1&passWord=2 HTTP/1.1" 404 949
0:0:0:0:0:0:0:1 - - [31/May/2017:14:02:34 +0800] "GET /SpringMvc2/user/login?userName=1&passWord=2 HTTP/1.1" 404 993
0:0:0:0:0:0:0:1 - - [31/May/2017:14:02:43 +0800] "GET /SpringMvc2/user/login?userName=1&passWord=2 HTTP/1.1" 404 993
127.0.0.1 - - [31/May/2017:14:03:29 +0800] "GET / HTTP/1.1" 404 951
0:0:0:0:0:0:0:1 - - [31/May/2017:14:03:31 +0800] "GET /SpringMvc2/user/login?userName=1&passWord=2 HTTP/1.1" 404 993
0:0:0:0:0:0:0:1 - - [31/May/2017:14:03:32 +0800] "GET /SpringMvc2/user/login?userName=1&passWord=2 HTTP/1.1" 404 993
0:0:0:0:0:0:0:1 - - [31/May/2017:14:03:32 +0800] "GET /SpringMvc2/user/login?userName=1&passWord=2 HTTP/1.1" 404 993
0:0:0:0:0:0:0:1 - - [31/May/2017:14:03:32 +0800] "GET /SpringMvc2/user/login?userName=1&passWord=2 HTTP/1.1" 404 993
0:0:0:0:0:0:0:1 - - [31/May/2017:14:03:33 +0800] "GET /SpringMvc2/user/login?userName=1&passWord=2 HTTP/1.1" 404 993
0:0:0:0:0:0:0:1 - - [31/May/2017:14:03:33 +0800] "GET /SpringMvc2/user/login?userName=1&passWord=2 HTTP/1.1" 404 993
0:0:0:0:0:0:0:1 - - [31/May/2017:14:03:33 +0800] "GET /SpringMvc2/user/login?userName=1&passWord=2 HTTP/1.1" 404 993
0:0:0:0:0:0:0:1 - - [31/May/2017:14:03:34 +0800] "GET /SpringMvc2/user/login?userName=1&passWord=2 HTTP/1.1" 404 993
127.0.0.1 - - [31/May/2017:14:07:00 +0800] "GET / HTTP/1.1" 404 951
0:0:0:0:0:0:0:1 - - [31/May/2017:14:07:04 +0800] "GET /SpringMvc2/user/login?userName=1&passWord=2 HTTP/1.1" 404 993
0:0:0:0:0:0:0:1 - - [31/May/2017:14:07:12 +0800] "GET /SpringMvc2/user/login.do HTTP/1.1" 404 949
0:0:0:0:0:0:0:1 - - [31/May/2017:14:07:27 +0800] "GET /SpringMvc2/user/login.do?userName=1&passWord=2 HTTP/1.1" 404 949
0:0:0:0:0:0:0:1 - - [31/May/2017:14:07:46 +0800] "GET /SpringMvc2/user/login.do?userName=1&passWord=2 HTTP/1.1" 404 949
127.0.0.1 - - [31/May/2017:14:09:55 +0800] "GET / HTTP/1.1" 404 951
0:0:0:0:0:0:0:1 - - [31/May/2017:14:10:02 +0800] "GET /SpringMvc3/user/login.do?userName=1&passWord=2 HTTP/1.1" 404 949
127.0.0.1 - - [31/May/2017:14:17:59 +0800] "GET / HTTP/1.1" 404 951
0:0:0:0:0:0:0:1 - - [31/May/2017:14:18:04 +0800] "GET /SpringMvc3/user/login.do?userName=1&passWord=2 HTTP/1.1" 404 949
0:0:0:0:0:0:0:1 - - [31/May/2017:14:18:08 +0800] "GET /SpringMvc3/user/login.do HTTP/1.1" 404 949
0:0:0:0:0:0:0:1 - - [31/May/2017:14:18:23 +0800] "GET /SpringMvc3/user/login HTTP/1.1" 404 993
0:0:0:0:0:0:0:1 - - [31/May/2017:14:18:26 +0800] "GET /SpringMvc3/user/login.do HTTP/1.1" 404 949
127.0.0.1 - - [31/May/2017:14:22:11 +0800] "GET / HTTP/1.1" 404 951
0:0:0:0:0:0:0:1 - - [31/May/2017:14:22:18 +0800] "GET /SpringMvc3/user/login.do HTTP/1.1" 404 999
0:0:0:0:0:0:0:1 - - [31/May/2017:14:22:31 +0800] "GET /SpringMvc3/user/login.do?userName=1 HTTP/1.1" 404 999
0:0:0:0:0:0:0:1 - - [31/May/2017:14:22:41 +0800] "GET /SpringMvc3/user/login.do?userName=1 HTTP/1.1" 404 999
0:0:0:0:0:0:0:1 - - [31/May/2017:14:22:42 +0800] "GET /SpringMvc3/user/login.do?userName=1 HTTP/1.1" 404 999
0:0:0:0:0:0:0:1 - - [31/May/2017:14:22:42 +0800] "GET /SpringMvc3/user/login.do?userName=1 HTTP/1.1" 404 999
0:0:0:0:0:0:0:1 - - [31/May/2017:14:22:42 +0800] "GET /SpringMvc3/user/login.do?userName=1 HTTP/1.1" 404 999
0:0:0:0:0:0:0:1 - - [31/May/2017:14:22:42 +0800] "GET /SpringMvc3/user/login.do?userName=1 HTTP/1.1" 404 999
0:0:0:0:0:0:0:1 - - [31/May/2017:14:22:42 +0800] "GET /SpringMvc3/user/login.do?userName=1 HTTP/1.1" 404 999
127.0.0.1 - - [31/May/2017:14:22:50 +0800] "GET / HTTP/1.1" 404 951
0:0:0:0:0:0:0:1 - - [31/May/2017:14:22:52 +0800] "GET /SpringMvc3/user/login.do?userName=1 HTTP/1.1" 404 999
0:0:0:0:0:0:0:1 - - [31/May/2017:14:22:53 +0800] "GET /SpringMvc3/user/login.do?userName=1 HTTP/1.1" 404 999
0:0:0:0:0:0:0:1 - - [31/May/2017:14:22:53 +0800] "GET /SpringMvc3/user/login.do?userName=1 HTTP/1.1" 404 999
0:0:0:0:0:0:0:1 - - [31/May/2017:14:22:53 +0800] "GET /SpringMvc3/user/login.do?userName=1 HTTP/1.1" 404 999
0:0:0:0:0:0:0:1 - - [31/May/2017:14:22:53 +0800] "GET /SpringMvc3/user/login.do?userName=1 HTTP/1.1" 404 999
0:0:0:0:0:0:0:1 - - [31/May/2017:14:24:05 +0800] "GET /SpringMvc3/user/login.do?userName=1 HTTP/1.1" 404 999
0:0:0:0:0:0:0:1 - - [31/May/2017:14:24:06 +0800] "GET /SpringMvc3/user/login.do?userName=1 HTTP/1.1" 404 999
0:0:0:0:0:0:0:1 - - [31/May/2017:14:24:06 +0800] "GET /SpringMvc3/user/login.do?userName=1 HTTP/1.1" 404 999
0:0:0:0:0:0:0:1 - - [31/May/2017:14:24:06 +0800] "GET /SpringMvc3/user/login.do?userName=1 HTTP/1.1" 404 999
0:0:0:0:0:0:0:1 - - [31/May/2017:14:24:07 +0800] "GET /SpringMvc3/user/login.do?userName=1 HTTP/1.1" 404 999
127.0.0.1 - - [31/May/2017:14:25:21 +0800] "GET / HTTP/1.1" 404 951
0:0:0:0:0:0:0:1 - - [31/May/2017:14:25:21 +0800] "GET /SpringMvc3/user/login.do?userName=1 HTTP/1.1" 404 999
0:0:0:0:0:0:0:1 - - [31/May/2017:14:25:23 +0800] "GET /SpringMvc3/user/login.do?userName=1 HTTP/1.1" 404 999
0:0:0:0:0:0:0:1 - - [31/May/2017:14:25:24 +0800] "GET /SpringMvc3/user/login.do?userName=1 HTTP/1.1" 404 999
0:0:0:0:0:0:0:1 - - [31/May/2017:14:25:24 +0800] "GET /SpringMvc3/user/login.do?userName=1 HTTP/1.1" 404 999
0:0:0:0:0:0:0:1 - - [31/May/2017:14:25:25 +0800] "GET /SpringMvc3/user/login.do?userName=1 HTTP/1.1" 404 999
0:0:0:0:0:0:0:1 - - [31/May/2017:14:25:30 +0800] "GET /SpringMvc2/user/login.do?userName=1 HTTP/1.1" 404 949
0:0:0:0:0:0:0:1 - - [31/May/2017:14:26:18 +0800] "GET /SpringMvc2/user/login?userName=1 HTTP/1.1" 404 993
127.0.0.1 - - [31/May/2017:14:26:47 +0800] "GET / HTTP/1.1" 404 951
0:0:0:0:0:0:0:1 - - [31/May/2017:14:26:58 +0800] "GET /SpringMvc2/user/login?userName=1 HTTP/1.1" 404 993
0:0:0:0:0:0:0:1 - - [31/May/2017:14:26:58 +0800] "GET /SpringMvc2/user/login?userName=1 HTTP/1.1" 404 993
0:0:0:0:0:0:0:1 - - [31/May/2017:14:26:58 +0800] "GET /SpringMvc2/user/login?userName=1 HTTP/1.1" 404 993
0:0:0:0:0:0:0:1 - - [31/May/2017:14:26:59 +0800] "GET /SpringMvc2/user/login?userName=1 HTTP/1.1" 404 993
0:0:0:0:0:0:0:1 - - [31/May/2017:14:27:01 +0800] "GET /SpringMvc2/user/login HTTP/1.1" 404 993
0:0:0:0:0:0:0:1 - - [31/May/2017:14:27:07 +0800] "GET /SpringMvc2/user/login.do HTTP/1.1" 404 949
127.0.0.1 - - [31/May/2017:14:38:36 +0800] "GET / HTTP/1.1" 404 951
0:0:0:0:0:0:0:1 - - [31/May/2017:14:39:07 +0800] "GET /SpringMvc2/user/login.do HTTP/1.1" 404 999
127.0.0.1 - - [31/May/2017:14:40:00 +0800] "GET / HTTP/1.1" 404 951
127.0.0.1 - - [31/May/2017:14:40:57 +0800] "GET / HTTP/1.1" 404 951
0:0:0:0:0:0:0:1 - - [31/May/2017:14:41:00 +0800] "GET /SpringMvc2/user/login.do HTTP/1.1" 404 999
0:0:0:0:0:0:0:1 - - [31/May/2017:14:41:01 +0800] "GET /SpringMvc2/user/login.do HTTP/1.1" 404 999
127.0.0.1 - - [31/May/2017:14:43:38 +0800] "GET / HTTP/1.1" 404 951
0:0:0:0:0:0:0:1 - - [31/May/2017:14:43:45 +0800] "GET /SpringMvc2/user/login.do HTTP/1.1" 404 949
0:0:0:0:0:0:0:1 - - [31/May/2017:14:43:50 +0800] "GET /SpringMvc2/user/login.do?userName=1&passWord=2 HTTP/1.1" 404 949
0:0:0:0:0:0:0:1 - - [31/May/2017:14:43:52 +0800] "GET /SpringMvc2/user/login.do?userName=1&passWord=2 HTTP/1.1" 404 949
0:0:0:0:0:0:0:1 - - [31/May/2017:14:43:54 +0800] "GET /SpringMvc2/user/login.do?userName=1&passWord=2 HTTP/1.1" 404 949
0:0:0:0:0:0:0:1 - - [31/May/2017:14:43:55 +0800] "GET /SpringMvc2/user/login.do?userName=1&passWord=2 HTTP/1.1" 404 949
0:0:0:0:0:0:0:1 - - [31/May/2017:14:44:49 +0800] "GET /SpringMvc2/user/login.do?userName=1&passWord=2 HTTP/1.1" 404 949
0:0:0:0:0:0:0:1 - - [31/May/2017:14:44:50 +0800] "GET /SpringMvc2/user/login.do?userName=1&passWord=2 HTTP/1.1" 404 949
0:0:0:0:0:0:0:1 - - [31/May/2017:14:44:50 +0800] "GET /SpringMvc2/user/login.do?userName=1&passWord=2 HTTP/1.1" 404 949
0:0:0:0:0:0:0:1 - - [31/May/2017:14:44:50 +0800] "GET /SpringMvc2/user/login.do?userName=1&passWord=2 HTTP/1.1" 404 949
0:0:0:0:0:0:0:1 - - [31/May/2017:14:44:50 +0800] "GET /SpringMvc2/user/login.do?userName=1&passWord=2 HTTP/1.1" 404 949
0:0:0:0:0:0:0:1 - - [31/May/2017:14:44:51 +0800] "GET /SpringMvc2/user/login.do?userName=1&passWord=2 HTTP/1.1" 404 949
0:0:0:0:0:0:0:1 - - [31/May/2017:14:44:51 +0800] "GET /SpringMvc2/user/login.do?userName=1&passWord=2 HTTP/1.1" 404 949
0:0:0:0:0:0:0:1 - - [31/May/2017:14:45:09 +0800] "GET /SpringMvc2/user/login.do?userName=1&passWord=2 HTTP/1.1" 404 949
127.0.0.1 - - [31/May/2017:14:45:53 +0800] "GET / HTTP/1.1" 404 951
0:0:0:0:0:0:0:1 - - [31/May/2017:14:45:57 +0800] "GET /SpringMvc2/user/login.do?userName=1&passWord=2 HTTP/1.1" 404 999
0:0:0:0:0:0:0:1 - - [31/May/2017:14:45:57 +0800] "GET /SpringMvc2/user/login.do?userName=1&passWord=2 HTTP/1.1" 404 999
0:0:0:0:0:0:0:1 - - [31/May/2017:14:46:17 +0800] "GET /SpringMvc2/user/login?userName=1&passWord=2 HTTP/1.1" 404 993
0:0:0:0:0:0:0:1 - - [31/May/2017:14:46:42 +0800] "GET /SpringMvc/user/login?userName=1&passWord=2 HTTP/1.1" 404 991
0:0:0:0:0:0:0:1 - - [31/May/2017:14:46:48 +0800] "GET /SpringMvc/user/login.do?userName=1&passWord=2 HTTP/1.1" 200 49
0:0:0:0:0:0:0:1 - - [31/May/2017:14:47:10 +0800] "POST /SpringMvc/user/login.do HTTP/1.1" 200 51
127.0.0.1 - - [31/May/2017:14:48:12 +0800] "GET / HTTP/1.1" 404 951
0:0:0:0:0:0:0:1 - - [31/May/2017:14:48:16 +0800] "POST /SpringMvc/user/login.do HTTP/1.1" 200 51
0:0:0:0:0:0:0:1 - - [31/May/2017:14:48:46 +0800] "POST /SpringMvc/user/login.do HTTP/1.1" 200 51
0:0:0:0:0:0:0:1 - - [31/May/2017:14:48:57 +0800] "POST /SpringMvc/user/login.do HTTP/1.1" 200 51
0:0:0:0:0:0:0:1 - - [31/May/2017:14:53:45 +0800] "POST /SpringMvc/user/login.do HTTP/1.1" 200 51
0:0:0:0:0:0:0:1 - - [31/May/2017:14:55:31 +0800] "POST /SpringMvc/user/login.do HTTP/1.1" 200 51
0:0:0:0:0:0:0:1 - - [31/May/2017:14:55:43 +0800] "OPTIONS /SpringMvc/user/login.do HTTP/1.1" 200 -
0:0:0:0:0:0:0:1 - - [31/May/2017:14:55:43 +0800] "POST /SpringMvc/user/login.do HTTP/1.1" 200 51
0:0:0:0:0:0:0:1 - - [31/May/2017:14:55:46 +0800] "POST /SpringMvc/user/login.do HTTP/1.1" 200 51
0:0:0:0:0:0:0:1 - - [31/May/2017:14:56:40 +0800] "OPTIONS /SpringMvc/user/login.do HTTP/1.1" 200 -
0:0:0:0:0:0:0:1 - - [31/May/2017:14:56:40 +0800] "POST /SpringMvc/user/login.do HTTP/1.1" 200 51
0:0:0:0:0:0:0:1 - - [31/May/2017:14:56:58 +0800] "OPTIONS /SpringMvc/user/login HTTP/1.1" 200 -
0:0:0:0:0:0:0:1 - - [31/May/2017:14:56:58 +0800] "POST /SpringMvc/user/login HTTP/1.1" 404 991
0:0:0:0:0:0:0:1 - - [31/May/2017:14:57:00 +0800] "POST /SpringMvc/user/login HTTP/1.1" 404 991
0:0:0:0:0:0:0:1 - - [31/May/2017:14:57:03 +0800] "OPTIONS /SpringMvc/user/login.do HTTP/1.1" 200 -
0:0:0:0:0:0:0:1 - - [31/May/2017:14:57:04 +0800] "POST /SpringMvc/user/login.do HTTP/1.1" 200 51
0:0:0:0:0:0:0:1 - - [31/May/2017:14:59:27 +0800] "OPTIONS /SpringMvc/user/login.do HTTP/1.1" 200 -
0:0:0:0:0:0:0:1 - - [31/May/2017:14:59:28 +0800] "POST /SpringMvc/user/login.do HTTP/1.1" 200 51
127.0.0.1 - - [31/May/2017:15:01:36 +0800] "GET / HTTP/1.1" 404 951
0:0:0:0:0:0:0:1 - - [31/May/2017:15:01:43 +0800] "OPTIONS /SpringMvc/user/login.do HTTP/1.1" 200 -
0:0:0:0:0:0:0:1 - - [31/May/2017:15:01:43 +0800] "POST /SpringMvc/user/login.do HTTP/1.1" 200 51
0:0:0:0:0:0:0:1 - - [31/May/2017:15:03:09 +0800] "POST /SpringMvc/user/login.do HTTP/1.1" 200 51
0:0:0:0:0:0:0:1 - - [31/May/2017:15:03:21 +0800] "OPTIONS /SpringMvc/user/login.do HTTP/1.1" 200 -
0:0:0:0:0:0:0:1 - - [31/May/2017:15:03:21 +0800] "POST /SpringMvc/user/login.do HTTP/1.1" 200 51
127.0.0.1 - - [31/May/2017:15:07:08 +0800] "GET / HTTP/1.1" 404 951
0:0:0:0:0:0:0:1 - - [31/May/2017:15:07:16 +0800] "OPTIONS /SpringMvc/user/login.do HTTP/1.1" 200 -
0:0:0:0:0:0:0:1 - - [31/May/2017:15:07:16 +0800] "POST /SpringMvc/user/login.do HTTP/1.1" 200 52
0:0:0:0:0:0:0:1 - - [31/May/2017:15:07:29 +0800] "OPTIONS /SpringMvc/user/login.do HTTP/1.1" 200 -
0:0:0:0:0:0:0:1 - - [31/May/2017:15:07:29 +0800] "POST /SpringMvc/user/login.do HTTP/1.1" 200 53
0:0:0:0:0:0:0:1 - - [31/May/2017:15:08:06 +0800] "OPTIONS /SpringMvc/user/login.do HTTP/1.1" 200 -
0:0:0:0:0:0:0:1 - - [31/May/2017:15:08:06 +0800] "POST /SpringMvc/user/login.do HTTP/1.1" 200 53
